<html>
<body>
<pre>
<h1>礦ision Build Log</h1>
<h2>Tool Versions:</h2>
IDE-Version: μVision V5.42.0.0
Copyright (C) 2025 ARM Ltd and ARM Germany GmbH. All rights reserved.
License Information: 1 1, 东南大学, LIC=21E4T-RJFAX-QDDKD-8B5Z9-PR17I-RPX5U
 
Tool Versions:
Toolchain:       MDK-ARM Plus  Version: 5.42.0.0
Toolchain Path:  D:\keil\Local\keilmdk\ARM\ARMCLANG\Bin
C Compiler:      ArmClang.exe V6.23
Assembler:       Armasm.exe V6.23
Linker/Locator:  ArmLink.exe V6.23
Library Manager: ArmAr.exe V6.23
Hex Converter:   FromElf.exe V6.23
CPU DLL:         SARMCM3.DLL V5.42.0.0
Dialog DLL:      DCM.DLL V1.17.5.0
Target DLL:      CMSIS_AGDI.dll V1.33.22.0
Dialog DLL:      TCM.DLL V1.56.6.0
 
<h2>Project:</h2>
D:\SmartCar\demo\DEMO\mdk\rt1064.uvprojx
Project File Date:  10/25/2025

<h2>Output:</h2>
*** Using Compiler 'V6.23', folder: 'D:\keil\Local\keilmdk\ARM\ARMCLANG\Bin'
Build target 'nor_sdram_zf_dtcm'
compiling speed_control.c...
linking...
Program Size: Code=64160 RO-data=11508 RW-data=296 ZI-data=11288  
".\Objects\rt1064.axf" - 0 Error(s), 0 Warning(s).

<h2>Software Packages used:</h2>

Package Vendor: NXP
                https://mcuxpresso.nxp.com/cmsis_pack/repo/NXP.MIMXRT1064_DFP.25.03.00.pack
                NXP::MIMXRT1064_DFP@25.03.00
                Device Family Pack for MIMXRT1064

<h2>Collection of Component include folders:</h2>
  D:/keil/Local/arm/NXP/MIMXRT1064_DFP/25.03.00/devices/MIMXRT1064

<h2>Collection of Component Files used:</h2>
Build Time Elapsed:  00:00:02
</pre>
</body>
</html>
